[www.topstarnews.net/news/articleView859d.html]
[backblue.gif]
[fade.gif]
[index.html]
[cdn.topstarnews.net/news/photo/202509/15791813_1698026_4020.jpg]
[www.topstarnews.net/news/articleViewAmp859d.html]
[cdn.topstarnews.net/css/jquery-ui.min.css]
[cdn.topstarnews.net/css/slick.min.css]
[cdn.topstarnews.net/css/jquery.timepicker.css]
[cdn.topstarnews.net/adManager/css/adManager.css]
[cdn.topstarnews.net/css/foundation.min.css]
[cdn.topstarnews.net/css/custom.foundation.min.css]
[cdn.topstarnews.net/css/webfonts.min.css]
[cdn.topstarnews.net/css/font.style.css]
[cdn.topstarnews.net/css/media.min.css]
[cdn.topstarnews.net/css/autobox.style.min.css]
[cdn.topstarnews.net/css/templates.style.min.css]
[cdn.topstarnews.net/css/plugin.style.min.css]
[cdn.topstarnews.net/css/style.min.css]
[cdn.topstarnews.net/css/design.style.css]
[cdn.topstarnews.net/menuskin/pd_01/menubar.css]
[cdn.topstarnews.net/script/jquery.min.js]
[cdn.topstarnews.net/script/jquery-ui.min.js]
[cdn.topstarnews.net/script/slick.min.js]
[cdn.topstarnews.net/script/jquery.rwdImageMaps.min.js]
[cdn.topstarnews.net/script/what-input.js]
[cdn.topstarnews.net/script/foundation.min.js]
[cdn.topstarnews.net/menuskin/pd_01/menubar.js]
[cdn.topstarnews.net/script/user.style.js]
[cdn.topstarnews.net/script/clipboard.min.js]
[cdn.topstarnews.net/script/jquery.timepicker.min.js]
[cdn.topstarnews.net/script/jquery.tabslet.min.js]
[cdn.topstarnews.net/script/common.js]
[pixel.quantserve.com/pixel/p-cW0qxEsHYLBvg.gif]
[wcs.naver.net/wcslog.js]
[cmp.optad360.io/items/03894033-6c0f-4961-ba58-8eb60302fd1e.min.js]
[get.optad360.io/sf/19703848-b14a-433d-86f6-1688e61ed5ef/plugin.min.js]
[pagead2.googlesyndication.com/pagead/js/f0dd4.txt]
[pagead2.googlesyndication.com/pagead/js/f.txt]
[cdn.taboola.com/webpush/publishers/1705890/taboola-push-sdk.js]
[anymind360.com/js/15682/ats.js]
[api.aedi.ai/common/js/v1/aedi-ad.js]
[biz.news-feed.kr/js/common/dl.js]
[cdn.topstarnews.net/bannerpop/uploads/js/8249f0.js]
[cdn.topstarnews.net/image/logo/toplogo_20240812050918.png]
[www.mediacategory.com/js/common/HawkEyesMakerb7f6.js]
[www.topstarnews.net/news/articleListe646.html]
[www.topstarnews.net/news/articleList43a6.html]
[www.topstarnews.net/news/articleListad36.html]
[www.topstarnews.net/news/articleLista4b1.html]
[www.topstarnews.net/news/articleListec86.html]
[www.topstarnews.net/news/articleList7ed1.html]
[www.topstarnews.net/news/articleListbf36.html]
[www.topstarnews.net/news/articleListd86e.html]
[www.topstarnews.net/news/articleListb13d.html]
[www.topstarnews.net/news/articleListe449.html]
[www.topstarnews.net/news/articleListe421.html]
[www.topstarnews.net/news/articleListc579.html]
[www.topstarnews.net/news/articleList8187.html]
[www.topstarnews.net/news/articleList6d36.html]
[cdn.topstarnews.net/image/ssb_pc.png]
[www.topstarnews.net/news/articleList6864.html]
[www.topstarnews.net/news/articleList753f.html]
[www.topstarnews.net/news/articleList0001.html]
[www.topstarnews.net/news/articleListeec3.html]
[www.topstarnews.net/news/articleList2b2a.html]
[www.topstarnews.net/news/articleList0ccf.html]
[cdn.taboola.com/libtrc/topstarnewsnet/loader.js]
[www.topstarnews.net/news/articleListc313.html]
[www.topstarnews.net/news/articleList3a6d.html]
[www.topstarnews.net/news/articleList633e.html]
[www.topstarnews.net/news/articleListb9b9.html]
[www.topstarnews.net/news/articleLista762.html]
[www.topstarnews.net/news/articleListc326.html]
[www.topstarnews.net/news/articleList1f2b.html]
[www.topstarnews.net/news/articleListafc9.html]
[www.topstarnews.net/news/articleList9b33.html]
[www.topstarnews.net/news/articleList1146.html]
[www.topstarnews.net/news/articleList0b83.html]
[www.topstarnews.net/news/articleListbf08.html]
[www.topstarnews.net/news/articleList85af.html]
[www.topstarnews.net/news/articleListae71.html]
[www.topstarnews.net/news/articleList19fd.html]
[www.topstarnews.net/news/articleList97ab.html]
[www.topstarnews.net/news/articleListe77b.html]
[www.topstarnews.net/news/articleListb67b.html]
[www.topstarnews.net/news/articleList7b5b.html]
[www.topstarnews.net/news/articleList0c5d.html]
[cdn.topstarnews.net/script/share.sns.js]
[t1.kakaocdn.net/kakao_js_sdk/v1/kakao.min.js]
[cdn.topstarnews.net/image/logo/printlogo_20240813034958.png]
[cdn.topstarnews.net/image/newsroom/default-user.png]
[www.topstarnews.net/news/articleList857f.html]
[www.topstarnews.net/news/articleList8126.html]
[www.topstarnews.net/news/articleList1914.html]
[www.topstarnews.net/news/articleList7434.html]
[cdn.topstarnews.net/image/new_poll_btn1.png]
[cdn.topstarnews.net/image/new_poll_btn2.png]
[securepubads.g.doubleclick.net/tag/js/f.txt]
[cdn.topstarnews.net/comment/style.css]
[www.topstarnews.net/image/comment/comment_type1_reply.png]
[cdn.topstarnews.net/comment/comment.js]
[www.topstarnews.net/news/articleViewf1c9.html]
[cdn.topstarnews.net/news/thumbnail/custom/20250903/15791793_1698005_234_1756855384_300.jpg]
[www.topstarnews.net/news/articleView4a1d.html]
[cdn.topstarnews.net/news/thumbnail/custom/20250903/15791791_1698003_2148_1756855308_300.jpg]
[www.topstarnews.net/news/articleView0bfe.html]
[cdn.topstarnews.net/news/thumbnail/custom/20250903/15791777_1697990_1557_1756854957_300.jpg]
[www.topstarnews.net/news/articleVieweaae.html]
[cdn.topstarnews.net/news/thumbnail/custom/20250903/15791743_1697949_2340_1756851820_300.jpg]
[www.topstarnews.net/news/articleView8217.html]
[cdn.topstarnews.net/news/thumbnail/custom/20250903/15791402_1697701_4028_1756816828_300.jpg]
[topsinger.topstarnews.net/news/photo/poll/202110/1153_202110251220004.jpg]
[cdn.topstarnews.net/image/poll-win-mark.png]
[topsinger.topstarnews.net/news/photo/poll/202203/1839_202203032314056.jpg]
[topsinger.topstarnews.net/news/photo/poll/202111/1500_202111041430008.jpg]
[topsinger.topstarnews.net/news/photo/poll/202111/1630_202111041628045.jpg]
[topsinger.topstarnews.net/news/photo/poll/202110/1159_202110251220010.jpg]
[topsinger.topstarnews.net/news/photo/poll/202110/1172_202110251524001.jpg]
[topsinger.topstarnews.net/news/photo/poll/202211/2452_202211292229.jpg]
[topsinger.topstarnews.net/news/photo/poll/202201/1263_202201241318024.jpg]
[topsinger.topstarnews.net/news/photo/poll/202111/737_202111041430001.jpg]
[topsinger.topstarnews.net/news/photo/poll/202407/3351_2024078149.jpg]
[topsinger.topstarnews.net/news/photo/poll/202212/2587_202212131425.jpg]
[topsinger.topstarnews.net/news/photo/poll/202201/1283_202201241318044.jpg]
[topsinger.topstarnews.net/news/photo/poll/202406/3346_20240631154.jpg]
[topsinger.topstarnews.net/news/photo/poll/202111/1610_202111041430115.jpg]
[www.topstarnews.net/news/articleList282e.html]
[www.topstarnews.net/news/articleView64d5.html]
[www.topstarnews.net/news/articleView1a71.html]
[www.topstarnews.net/news/articleView2fc1.html]
[www.topstarnews.net/news/articleList0bc2.html]
[www.topstarnews.net/news/articleView254c.html]
[www.topstarnews.net/news/articleViewc962.html]
[www.topstarnews.net/news/articleView8265.html]
[www.topstarnews.net/news/articleList0e5a.html]
[www.topstarnews.net/news/articleView992e.html]
[www.topstarnews.net/news/articleViewca84.html]
[www.topstarnews.net/news/articleViewd45b.html]
[www.topstarnews.net/news/articleView7a64.html]
[cdn.topstarnews.net/news/thumbnail/custom/20250903/15791127_1697460_5550_1756799750_120.jpg]
[www.topstarnews.net/news/articleViewca3d.html]
[cdn.topstarnews.net/news/thumbnail/custom/20250903/15789897_1696222_3346_1756722826_120.jpg]
[www.topstarnews.net/news/articleView76e5.html]
[cdn.topstarnews.net/news/thumbnail/custom/20250903/15786195_1693023_391_1756435141_120.jpg]
[www.topstarnews.net/news/articleView2bb1.html]
[cdn.topstarnews.net/news/thumbnail/custom/20250903/15791829_1698043_480_1756856880_120.jpg]
[www.topstarnews.net/news/articleViewc3e6.html]
[cdn.topstarnews.net/news/thumbnail/custom/20250903/15791812_1698025_3854_1756856334_120.jpg]
[www.topstarnews.net/news/articleView1e92.html]
[cdn.topstarnews.net/news/thumbnail/custom/20250903/15791771_1697983_1036_1756854636_120.jpg]
[www.topstarnews.net/news/articleView3d74.html]
[cdn.topstarnews.net/news/thumbnail/custom/20250903/15789357_1695706_1815_1756703895_120.jpg]
[www.topstarnews.net/news/articleView855b.html]
[cdn.topstarnews.net/news/thumbnail/custom/20250903/15788024_1694614_4432_1756601072_120.jpg]
[www.topstarnews.net/news/articleView9fb8.html]
[cdn.topstarnews.net/news/thumbnail/custom/20250903/15783426_1690279_2152_1756257714_120.jpg]
[cdn.topstarnews.net/bannerpop/uploads/js/2390ea.js]
[cdn.topstarnews.net/bannerpop/uploads/js/229480.js]
[cdn.topstarnews.net/bannerpop/uploads/js/377d5c.js]
[cdn.topstarnews.net/bannerpop/uploads/js/19d594.js]
[cdn.topstarnews.net/bannerpop/uploads/js/751b63.js]
[cdn.topstarnews.net/bannerpop/uploads/js/20b03b.js]
[img.mobon.net/js/common/HawkEyesMaker.js]
[cdn.topstarnews.net/bannerpop/uploads/js/213c96.js]
[cdn.topstarnews.net/image/logo/downlogo_20240814014327.png]
[cdn.topstarnews.net/image/inc_img001.png]
[cdn.topstarnews.net/image/newsis.png]
[www.topstarnews.net/news/articleLista33b.html]
[www.topstarnews.net/news/articleListb35f.html]
[www.topstarnews.net/news/articleList885e.html]
[www.topstarnews.net/news/articleListee91.html]
[www.topstarnews.net/news/articleList44d2.html]
[www.topstarnews.net/news/articleList88f6.html]
[www.topstarnews.net/news/articleLista275.html]
[www.topstarnews.net/news/articleListb6d7.html]
[www.topstarnews.net/news/articleList5484.html]
[www.topstarnews.net/news/articleList5db7.html]
[www.topstarnews.net/news/articleList9d93.html]
[www.topstarnews.net/news/articleList2c84.html]
[www.topstarnews.net/news/articleListe91d.html]
[www.topstarnews.net/news/articleList5d87.html]
[www.topstarnews.net/news/articleList2e21.html]
[www.topstarnews.net/news/articleListdac8.html]
[www.topstarnews.net/news/articleList1daf.html]
[www.topstarnews.net/news/articleListace8.html]
[www.topstarnews.net/news/articleListb726.html]
[www.topstarnews.net/news/articleList5588.html]
[www.topstarnews.net/news/articleList7287.html]
[www.topstarnews.net/news/articleList8f47.html]
[www.topstarnews.net/news/articleList8752.html]
[www.topstarnews.net/news/articleList0675.html]
[www.topstarnews.net/news/articleList17f8.html]
[www.topstarnews.net/news/articleLista0bf.html]
[www.topstarnews.net/news/articleList3811.html]
[www.topstarnews.net/news/articleList1c3f.html]
[www.topstarnews.net/news/articleList898f.html]
[www.topstarnews.net/news/articleList28ed.html]
[www.topstarnews.net/news/articleList2815.html]
[www.topstarnews.net/news/articleListe97c.html]
[www.topstarnews.net/news/articleList7bf0.html]
[www.topstarnews.net/news/articleListc3db.html]
[www.topstarnews.net/news/articleList936c.html]
[www.topstarnews.net/news/articleList6e00.html]
[www.topstarnews.net/news/articleList3a3c.html]
[www.topstarnews.net/news/articleListd380.html]
[www.topstarnews.net/news/articleListdcff.html]
[www.topstarnews.net/news/articleList9160.html]
[www.topstarnews.net/news/articleList0e4d.html]
[www.topstarnews.net/news/articleList51c2.html]
[www.topstarnews.net/news/articleList1cca.html]
[www.topstarnews.net/news/articleList3e1d.html]
[www.topstarnews.net/news/articleListf851.html]
[www.topstarnews.net/news/articleListe5a6.html]
[www.topstarnews.net/news/articleListafdf.html]
[www.topstarnews.net/news/articleList91ba.html]
[www.topstarnews.net/news/articleListba6e.html]
[www.topstarnews.net/news/articleList19f3.html]
[www.topstarnews.net/news/articleList22e3.html]
[www.topstarnews.net/news/articleList9a7a.html]
[www.topstarnews.net/news/articleList28ff.html]
[www.topstarnews.net/news/articleList2307.html]
[www.topstarnews.net/news/articleList7330.html]
[www.topstarnews.net/news/articleList9e0a.html]
[api.piclick.kr/common/js/v1/piclick-ad.js]
[cdn.topstarnews.net/adManager/js/lab.js]
[www.topstarnews.net/news/articleView859d.html]
[cdn.ampproject.org/v0/amp-analytics-0.1.js]
[cdn.ampproject.org/v0/amp-iframe-0.1.js]
[cdn.ampproject.org/v0/amp-youtube-0.1.js]
[cdn.ampproject.org/v0/amp-facebook-0.1.js]
[cdn.ampproject.org/v0.js]
[www.topstarnews.net/news/articleViewAmp859d.html]
[cdn.topstarnews.net/css/images/ui-icons_444444_256x240.png]
[cdn.topstarnews.net/css/images/ui-icons_555555_256x240.png]
[cdn.topstarnews.net/css/images/ui-icons_ffffff_256x240.png]
[cdn.topstarnews.net/css/images/ui-icons_777620_256x240.png]
[cdn.topstarnews.net/css/images/ui-icons_cc0000_256x240.png]
[cdn.topstarnews.net/css/images/ui-icons_777777_256x240.png]
[cdn.topstarnews.net/css/jquery-ui.min.css]
[cdn.topstarnews.net/css/slick.min.css]
[cdn.topstarnews.net/css/jquery.timepicker.css]
[cdn.topstarnews.net/adManager/css/adManager.css]
[cdn.topstarnews.net/css/foundation.min.css]
[cdn.topstarnews.net/image/msg-panel-bg.png]
[cdn.topstarnews.net/css/custom.foundation.min.css]
[cdn.topstarnews.net/css/webfonts.min.css]
[cdn.topstarnews.net/css/fonts/fontello.woff]
[cdn.topstarnews.net/css/font.style.css]
[cdn.topstarnews.net/css/media.min.css]
[cdn.topstarnews.net/image/logo/csslogo.png]
[cdn.topstarnews.net/css/autobox.style.min.css]
[cdn.topstarnews.net/image/autobox/autobox-icons.png]
[cdn.topstarnews.net/css/templates.style.min.css]
[cdn.topstarnews.net/image/pdf-noimage.png]
[cdn.topstarnews.net/image/curation-search.png]
[cdn.topstarnews.net/image/curation-bars.png]
[cdn.topstarnews.net/css/plugin.style.min.css]
[cdn.topstarnews.net/image/curation-search-white.png]
[cdn.topstarnews.net/image/btm-kor.png]
[cdn.topstarnews.net/image/btm-eng.png]
[cdn.topstarnews.net/image/btm-icon.png]
[cdn.topstarnews.net/image/box/box-skin-human.png]
[cdn.topstarnews.net/image/box/box-skin-circle.png]
[cdn.topstarnews.net/image/box/box-skin-shadow.png]
[cdn.topstarnews.net/image/lang-mark.png]
[cdn.topstarnews.net/image/popup-close.png]
[cdn.topstarnews.net/image/emojis-for.png]
[cdn.topstarnews.net/image/goodnbad-for.png]
[cdn.topstarnews.net/css/style.min.css]
[cdn.topstarnews.net/image/company/proes-step.png]
[cdn.topstarnews.net/css/design.style.css]
[cdn.topstarnews.net/menuskin/pd_01/menubar.css]
[www.googletagmanager.com/gtm5445.html]
[cdn.taboola.com/webpush/publishers/1705890/taboola-push-sdk.js]
[api.aedi.ai/common/css/v1/aedi-ad.css]
[sdk.ocmthood.com/sdk/htc6e4.js]
[www.topstarnews.net/image/logo/snslogo_20240813034958.png]
[www.topstarnews.net/news/articleListb3ec.html]
[www.topstarnews.net/news/articleListf367.html]
[www.topstarnews.net/news/articleList2566.html]
[www.topstarnews.net/news/articleList59f3.html]
[www.topstarnews.net/news/articleView1dc4.html]
[cdn.topstarnews.net/news/thumbnail/202509/15791110_1697444_414_v150.jpg]
[www.topstarnews.net/news/articleView061a.html]
[cdn.topstarnews.net/news/thumbnail/202509/15790908_1697227_946_v150.jpg]
[www.topstarnews.net/news/articleViewb524.html]
[cdn.topstarnews.net/news/thumbnail/202509/15790506_1696922_5857_v150.jpg]
[www.topstarnews.net/news/articleViewe4f5.html]
[cdn.topstarnews.net/news/thumbnail/202509/15789829_1696170_5422_v150.jpg]
[www.topstarnews.net/news/articleView8894.html]
[cdn.topstarnews.net/news/thumbnail/202509/15789809_1696161_4038_v150.jpg]
[www.topstarnews.net/news/articleView956b.html]
[cdn.topstarnews.net/news/thumbnail/202509/15789741_1696088_2618_v150.jpg]
[www.topstarnews.net/news/articleView11bf.html]
[cdn.topstarnews.net/news/thumbnail/202509/15789398_1695748_4043_v150.jpg]
[www.topstarnews.net/news/articleView2232.html]
[cdn.topstarnews.net/news/thumbnail/202509/15789316_1695657_5135_v150.jpg]
[www.topstarnews.net/news/articleView0e40.html]
[cdn.topstarnews.net/news/thumbnail/202509/15789131_1695466_59_v150.jpg]
[www.topstarnews.net/news/articleViewa050.html]
[cdn.topstarnews.net/news/thumbnail/202509/15789125_1695462_354_v150.jpg]
[www.topstarnews.net/news/articleView3a2c.html]
[cdn.topstarnews.net/news/thumbnail/202509/15789124_1695461_059_v150.jpg]
[www.topstarnews.net/news/articleViewffa6.html]
[cdn.topstarnews.net/news/thumbnail/202509/15789119_1695453_5857_v150.jpg]
[www.topstarnews.net/news/articleViewfc41.html]
[cdn.topstarnews.net/news/thumbnail/202509/15789106_1695441_4221_v150.jpg]
[www.topstarnews.net/news/articleView3cdd.html]
[cdn.topstarnews.net/news/thumbnail/202509/15789104_1695439_414_v150.jpg]
[www.topstarnews.net/news/articleView7a1c.html]
[cdn.topstarnews.net/news/thumbnail/202509/15789101_1695435_3935_v150.jpg]
[www.topstarnews.net/news/articleViewe9ce.html]
[cdn.topstarnews.net/news/thumbnail/202509/15789099_1695434_3813_v150.jpg]
[www.topstarnews.net/news/articleView26bb.html]
[cdn.topstarnews.net/news/thumbnail/202509/15789097_1695431_3640_v150.jpg]
[www.topstarnews.net/news/articleViewe34a.html]
[cdn.topstarnews.net/news/thumbnail/202509/15789094_1695429_3457_v150.jpg]
[www.topstarnews.net/news/articleViewf085.html]
[cdn.topstarnews.net/news/thumbnail/202509/15788961_1695315_1634_v150.jpg]
[www.topstarnews.net/news/articleViewba41.html]
[cdn.topstarnews.net/news/thumbnail/202509/15788953_1695311_147_v150.jpg]
[www.topstarnews.net/news/articleView8fbe.html]
[cdn.topstarnews.net/news/thumbnail/202509/15788859_1695215_4942_v150.jpg]
[www.topstarnews.net/news/articleList052d.html]
[www.topstarnews.net/news/articleListf70f.html]
[www.topstarnews.net/news/articleList21bd.html]
[www.topstarnews.net/news/articleListeea9.html]
[www.topstarnews.net/news/articleList1253.html]
[www.topstarnews.net/news/articleListaccf.html]
[www.topstarnews.net/news/articleList9e1a.html]
[www.topstarnews.net/news/articleList16da.html]
[www.topstarnews.net/news/articleListb007.html]
[www.topstarnews.net/news/articleList8e93.html]
[www.topstarnews.net/news/articleListb512.html]
[www.topstarnews.net/news/articleList28f5.html]
[cdn.topstarnews.net/bannerpop/uploads/js/23a517.js]
[cdn.topstarnews.net/bannerpop/uploads/js/225d97.js]
[cdn.topstarnews.net/bannerpop/uploads/js/215297.js]
[cdn.topstarnews.net/bannerpop/uploads/js/371c8a.js]
[cdn.topstarnews.net/bannerpop/uploads/js/202050.js]
[cdn.topstarnews.net/bannerpop/uploads/js/190966.js]
[cdn.topstarnews.net/bannerpop/uploads/js/527d41.js]
[cdn.topstarnews.net/bannerpop/uploads/js/537c84.js]
[cdn.topstarnews.net/bannerpop/uploads/js/8412ac.js]
[cdn.topstarnews.net/bannerpop/uploads/js/2856ea.js]
[cdn.topstarnews.net/bannerpop/uploads/js/396b48.js]
[cdn.topstarnews.net/bannerpop/uploads/js/810b26.js]
[cdn.topstarnews.net/bannerpop/uploads/js/58c764.js]
[cdn.topstarnews.net/bannerpop/uploads/js/85a2e0.js]
[cdn.topstarnews.net/bannerpop/uploads/js/61d34e.js]
[cdn.topstarnews.net/bannerpop/uploads/js/636051.js]
[cdn.topstarnews.net/bannerpop/uploads/js/809dde.js]
[cdn.topstarnews.net/bannerpop/uploads/js/8316ef.js]
[www.topstarnews.net/news/articleView428c.html]
[www.topstarnews.net/news/articleView28c4.html]
[www.topstarnews.net/news/articleView7d85.html]
[www.topstarnews.net/news/articleView6d30.html]
[www.topstarnews.net/news/articleViewdc2e.html]
[www.topstarnews.net/news/articleViewfb93.html]
[www.topstarnews.net/news/articleView92f1.html]
[www.topstarnews.net/news/articleViewe6bd.html]
[www.topstarnews.net/news/articleView0642.html]
[www.topstarnews.net/news/articleViewb33b.html]
[www.topstarnews.net/news/articleViewd6ca.html]
[www.topstarnews.net/news/articleViewe2d8.html]
[www.topstarnews.net/news/articleListe646.html]
[www.topstarnews.net/news/articleViewb12e.html]
[www.topstarnews.net/news/articleList8e82.html]
[www.topstarnews.net/news/articleList6360.html]
[www.topstarnews.net/news/articleListe4ef.html]
[www.topstarnews.net/news/articleListe977.html]
[www.topstarnews.net/news/articleView961e.html]
[cdn.topstarnews.net/news/thumbnail/202509/15791825_1698040_4512_v150.jpg]
[www.topstarnews.net/news/articleViewc03f.html]
[cdn.topstarnews.net/news/thumbnail/202509/15791721_1697917_317_v150.jpg]
[www.topstarnews.net/news/articleView5c47.html]
[cdn.topstarnews.net/news/thumbnail/202509/15791700_1697886_344_v150.jpg]
[www.topstarnews.net/news/articleViewaa84.html]
[cdn.topstarnews.net/news/thumbnail/202509/15791648_1697869_394_v150.jpg]
[www.topstarnews.net/news/articleView1bce.html]
[cdn.topstarnews.net/news/thumbnail/202509/15791198_1697530_618_v150.jpg]
[www.topstarnews.net/news/articleViewfa41.html]
[cdn.topstarnews.net/news/thumbnail/202509/15791153_1697485_836_v150.jpg]
[www.topstarnews.net/news/articleView6f6d.html]
[cdn.topstarnews.net/news/thumbnail/202509/15791113_1697448_4229_v150.jpg]
[www.topstarnews.net/news/articleView601b.html]
[cdn.topstarnews.net/news/thumbnail/202509/15790884_1697204_3858_v150.jpg]
[www.topstarnews.net/news/articleView608d.html]
[cdn.topstarnews.net/news/thumbnail/202509/15790799_1697117_2149_v150.jpg]
[www.topstarnews.net/news/articleViewd45f.html]
[cdn.topstarnews.net/news/thumbnail/202509/15790778_1697079_1138_v150.jpg]
[www.topstarnews.net/news/articleViewf358.html]
[cdn.topstarnews.net/news/thumbnail/202509/15790752_1697051_5358_v150.jpg]
[www.topstarnews.net/news/articleView6197.html]
[cdn.topstarnews.net/news/thumbnail/202509/15790612_1696897_5220_v150.jpg]
[www.topstarnews.net/news/articleView091e.html]
[cdn.topstarnews.net/news/thumbnail/202509/15790610_1696886_4924_v150.jpg]
[www.topstarnews.net/news/articleViewde5a.html]
[cdn.topstarnews.net/news/thumbnail/202509/15790597_1696879_4541_v150.jpg]
[www.topstarnews.net/news/articleViewa00b.html]
[cdn.topstarnews.net/news/thumbnail/202509/15790591_1696864_4246_v150.jpg]
[www.topstarnews.net/news/articleView3b07.html]
[cdn.topstarnews.net/news/thumbnail/202509/15790575_1696847_3047_v150.jpg]
[www.topstarnews.net/news/articleView2612.html]
[cdn.topstarnews.net/news/thumbnail/202509/15790524_1696802_1741_v150.jpg]
[www.topstarnews.net/news/articleView8876.html]
[cdn.topstarnews.net/news/thumbnail/202509/15790484_1696740_5811_v150.jpg]
[www.topstarnews.net/news/articleViewfdf1.html]
[cdn.topstarnews.net/news/thumbnail/202509/15790407_1696662_2248_v150.jpg]
[www.topstarnews.net/news/articleView7a44.html]
[cdn.topstarnews.net/news/thumbnail/202509/15790358_1696613_3655_v150.jpg]
[www.topstarnews.net/news/articleView13d6.html]
[cdn.topstarnews.net/news/thumbnail/202509/15790347_1696602_2431_v150.jpg]
[www.topstarnews.net/news/articleListdb6e.html]
[www.topstarnews.net/news/articleList710e.html]
[www.topstarnews.net/news/articleListcf63.html]
[www.topstarnews.net/news/articleList38bd.html]
[www.topstarnews.net/news/articleList1e48.html]
[www.topstarnews.net/news/articleList65c5.html]
[www.topstarnews.net/news/articleList4d75.html]
[www.topstarnews.net/news/articleList9ba4.html]
[www.topstarnews.net/news/articleList403d.html]
[www.topstarnews.net/news/articleList8f27.html]
[www.topstarnews.net/news/articleList201f.html]
[www.topstarnews.net/news/articleList43a6.html]
[www.topstarnews.net/news/articleListf83f.html]
[www.topstarnews.net/news/articleListf66e.html]
[www.topstarnews.net/news/articleList59a5.html]
[www.topstarnews.net/news/articleListff0a.html]
[www.topstarnews.net/news/articleListd081.html]
[www.topstarnews.net/news/articleView85c8.html]
[cdn.topstarnews.net/news/thumbnail/202509/15791716_1697910_5335_v150.jpg]
[www.topstarnews.net/news/articleView604c.html]
[cdn.topstarnews.net/news/thumbnail/202509/15791707_1697898_3816_v150.jpg]
[www.topstarnews.net/news/articleViewe144.html]
[cdn.topstarnews.net/news/thumbnail/202509/15791364_1697663_1428_v150.jpg]
[www.topstarnews.net/news/articleView3eb6.html]
[cdn.topstarnews.net/news/thumbnail/202509/15791362_1697661_1413_v150.jpg]
[www.topstarnews.net/news/articleViewb1f2.html]
[cdn.topstarnews.net/news/thumbnail/202509/15791361_1697660_1359_v150.jpg]
[www.topstarnews.net/news/articleView3259.html]
[cdn.topstarnews.net/news/thumbnail/202509/15791360_1697659_1344_v150.jpg]
[www.topstarnews.net/news/articleView5c23.html]
[cdn.topstarnews.net/news/thumbnail/202509/15791185_1697521_5110_v150.jpg]
[www.topstarnews.net/news/articleViewd40b.html]
[cdn.topstarnews.net/news/thumbnail/202509/15791184_1697520_5056_v150.jpg]
[www.topstarnews.net/news/articleViewa555.html]
[cdn.topstarnews.net/news/thumbnail/202509/15791157_1697491_1123_v150.jpg]
[www.topstarnews.net/news/articleView92d2.html]
[cdn.topstarnews.net/news/thumbnail/202509/15791155_1697490_119_v150.jpg]
[www.topstarnews.net/news/articleViewbd32.html]
[cdn.topstarnews.net/news/thumbnail/202509/15791115_1697447_4142_v150.jpg]
[www.topstarnews.net/news/articleView1e30.html]
[cdn.topstarnews.net/news/thumbnail/202509/15791114_1697446_4128_v150.jpg]
[www.topstarnews.net/news/articleViewc693.html]
[cdn.topstarnews.net/news/thumbnail/202509/15791112_1697445_4114_v150.jpg]
[www.topstarnews.net/news/articleView69cb.html]
[cdn.topstarnews.net/news/thumbnail/202509/15791111_1697443_410_v150.jpg]
[www.topstarnews.net/news/articleView58f6.html]
[cdn.topstarnews.net/news/thumbnail/202509/15791107_1697439_3850_v150.jpg]
[www.topstarnews.net/news/articleViewff8b.html]
[cdn.topstarnews.net/news/thumbnail/202509/15791068_1697397_1322_v150.jpg]
[www.topstarnews.net/news/articleView4f77.html]
[cdn.topstarnews.net/news/thumbnail/202509/15791066_1697395_138_v150.jpg]
[www.topstarnews.net/news/articleView8f0b.html]
[cdn.topstarnews.net/news/thumbnail/202509/15791064_1697390_856_v150.jpg]
[www.topstarnews.net/news/articleViewe339.html]
[cdn.topstarnews.net/news/thumbnail/202509/15790978_1697380_36_v150.jpg]
[www.topstarnews.net/news/articleViewa329.html]
[cdn.topstarnews.net/news/thumbnail/202509/15791054_1697381_38_v150.jpg]
[www.topstarnews.net/news/articleView8b5d.html]
[cdn.topstarnews.net/news/thumbnail/202509/15790895_1697216_5337_v150.jpg]
[www.topstarnews.net/news/articleList38bb.html]
[www.topstarnews.net/news/articleList9124.html]
[www.topstarnews.net/news/articleList858a.html]
[www.topstarnews.net/news/articleList6095.html]
[www.topstarnews.net/news/articleList8191.html]
[www.topstarnews.net/news/articleListc1eb.html]
[www.topstarnews.net/news/articleList43eb.html]
[www.topstarnews.net/news/articleList45a6.html]
[www.topstarnews.net/news/articleList68ef.html]
[www.topstarnews.net/news/articleList982d.html]
[www.topstarnews.net/news/articleLista228.html]
[www.topstarnews.net/news/articleList45e4.html]
[www.topstarnews.net/news/articleListad36.html]
[www.topstarnews.net/news/articleList5bcc.html]
[www.topstarnews.net/news/articleListce13.html]
[www.topstarnews.net/news/articleList35ff.html]
[www.topstarnews.net/news/articleListd69a.html]
[cdn.topstarnews.net/news/thumbnail/202509/15791793_1698005_234_v150.jpg]
[cdn.topstarnews.net/news/thumbnail/202509/15791743_1697949_2340_v150.jpg]
[cdn.topstarnews.net/news/thumbnail/202509/15791723_1697920_529_v150.jpg]
[cdn.topstarnews.net/news/thumbnail/202509/15791722_1697918_515_v150.jpg]
[cdn.topstarnews.net/news/thumbnail/202509/15791717_1697911_5352_v150.jpg]
[www.topstarnews.net/news/articleView2dbf.html]
[cdn.topstarnews.net/news/thumbnail/202509/15791714_1697906_4649_v150.jpg]
[www.topstarnews.net/news/articleViewb7bd.html]
[cdn.topstarnews.net/news/thumbnail/202509/15791706_1697897_381_v150.jpg]
[www.topstarnews.net/news/articleViewe7eb.html]
[cdn.topstarnews.net/news/thumbnail/202509/15791691_1697879_2239_v150.jpg]
[www.topstarnews.net/news/articleView5f74.html]
[cdn.topstarnews.net/news/thumbnail/202509/15791633_1697868_69_v150.jpg]
[www.topstarnews.net/news/articleView0826.html]
[cdn.topstarnews.net/news/thumbnail/202509/15791571_1697845_3635_v150.jpg]
[www.topstarnews.net/news/articleViewbfef.html]
[cdn.topstarnews.net/news/thumbnail/202509/15791519_1697798_5316_v150.jpg]
[www.topstarnews.net/news/articleView8526.html]
[cdn.topstarnews.net/news/thumbnail/202509/15791518_1697796_532_v150.jpg]
[www.topstarnews.net/news/articleView7080.html]
[cdn.topstarnews.net/news/thumbnail/202509/15791515_1697792_4719_v150.jpg]
[www.topstarnews.net/news/articleView4637.html]
[cdn.topstarnews.net/news/thumbnail/202509/15791505_1697781_2454_v150.jpg]
[www.topstarnews.net/news/articleView9c78.html]
[cdn.topstarnews.net/news/thumbnail/202509/15791229_1697548_3610_v150.jpg]
[www.topstarnews.net/news/articleViewc12c.html]
[cdn.topstarnews.net/news/thumbnail/202509/15791173_1697504_3525_v150.jpg]
[www.topstarnews.net/news/articleViewca06.html]
[cdn.topstarnews.net/news/thumbnail/202509/15791152_1697484_65_v150.jpg]
[www.topstarnews.net/news/articleView7c01.html]
[cdn.topstarnews.net/news/thumbnail/202509/15791123_1697456_5337_v150.jpg]
[www.topstarnews.net/news/articleView2bda.html]
[cdn.topstarnews.net/news/thumbnail/202509/15791122_1697455_5123_v150.jpg]
[www.topstarnews.net/news/articleView533e.html]
[cdn.topstarnews.net/news/thumbnail/202509/15791080_1697407_2218_v150.jpg]
[www.topstarnews.net/news/articleViewfd2f.html]
[cdn.topstarnews.net/news/thumbnail/202509/15791079_1697406_224_v150.jpg]
[www.topstarnews.net/news/articleList9d51.html]
[www.topstarnews.net/news/articleLista84e.html]
[www.topstarnews.net/news/articleList8591.html]
[www.topstarnews.net/news/articleListb48b.html]
[www.topstarnews.net/news/articleList933c.html]
[www.topstarnews.net/news/articleList1a4f.html]
[www.topstarnews.net/news/articleListe42f.html]
[www.topstarnews.net/news/articleListb53b.html]
[www.topstarnews.net/news/articleListacd1.html]
[www.topstarnews.net/news/articleListb270.html]
[www.topstarnews.net/news/articleList6bfb.html]
[www.topstarnews.net/news/articleLista4b1.html]
[www.topstarnews.net/news/articleList0f3b.html]
[www.topstarnews.net/news/articleListf705.html]
[www.topstarnews.net/news/articleList8db8.html]
[www.topstarnews.net/news/articleList4510.html]
[www.topstarnews.net/news/articleList6cc8.html]
[www.topstarnews.net/news/articleViewa11b.html]
[cdn.topstarnews.net/news/thumbnail/202509/15791835_1698049_5746_v150.jpg]
[www.topstarnews.net/news/articleView13eb.html]
[cdn.topstarnews.net/news/thumbnail/202509/15791824_1698037_4314_v150.jpg]
[www.topstarnews.net/news/articleViewee7c.html]
[cdn.topstarnews.net/news/thumbnail/202509/15791823_1698036_430_v150.jpg]
[www.topstarnews.net/news/articleView93ef.html]
[cdn.topstarnews.net/news/thumbnail/202509/15791808_1698019_3459_v150.jpg]
[www.topstarnews.net/news/articleView1849.html]
[cdn.topstarnews.net/news/thumbnail/202509/15791801_1698011_2722_v150.jpg]
[www.topstarnews.net/news/articleViewc3ac.html]
[cdn.topstarnews.net/news/thumbnail/202509/15791794_1698006_2313_v150.jpg]
[www.topstarnews.net/news/articleViewf6e5.html]
[cdn.topstarnews.net/news/thumbnail/202509/15791788_1698001_1858_v150.jpg]
[www.topstarnews.net/news/articleView82a3.html]
[cdn.topstarnews.net/news/thumbnail/202509/15791774_1697986_1237_v150.jpg]
[www.topstarnews.net/news/articleViewb0d5.html]
[cdn.topstarnews.net/news/thumbnail/202509/15791759_1697972_424_v150.jpg]
[www.topstarnews.net/news/articleViewb88f.html]
[cdn.topstarnews.net/news/thumbnail/202509/15791758_1697971_5616_v150.jpg]
[www.topstarnews.net/news/articleView0738.html]
[cdn.topstarnews.net/news/thumbnail/202509/15791744_1697950_284_v150.jpg]
[www.topstarnews.net/news/articleView391a.html]
[cdn.topstarnews.net/news/thumbnail/202509/15791741_1697947_2021_v150.jpg]
[www.topstarnews.net/news/articleView5072.html]
[cdn.topstarnews.net/news/thumbnail/202509/15791715_1697905_466_v150.jpg]
[www.topstarnews.net/news/articleViewa01b.html]
[cdn.topstarnews.net/news/thumbnail/202509/15791705_1697896_3747_v150.jpg]
[www.topstarnews.net/news/articleView222a.html]
[cdn.topstarnews.net/news/thumbnail/202509/15791495_1697765_349_v150.jpg]
[www.topstarnews.net/news/articleView647e.html]
[cdn.topstarnews.net/news/thumbnail/202509/15791493_1697761_496_v150.jpg]
[www.topstarnews.net/news/articleViewe076.html]
[cdn.topstarnews.net/news/thumbnail/202509/15791491_1697758_4127_v150.jpg]
[www.topstarnews.net/news/articleViewc18c.html]
[cdn.topstarnews.net/news/thumbnail/202509/15791486_1697747_2324_v150.jpg]
[www.topstarnews.net/news/articleView4344.html]
[cdn.topstarnews.net/news/thumbnail/202509/15791411_1697699_3752_v150.jpg]
[www.topstarnews.net/news/articleView46b2.html]
[cdn.topstarnews.net/news/thumbnail/202509/15791392_1697689_64_v150.jpg]
[www.topstarnews.net/news/articleView7f7f.html]
[cdn.topstarnews.net/news/thumbnail/202509/15791391_1697688_549_v150.jpg]
[www.topstarnews.net/news/articleListf02b.html]
[www.topstarnews.net/news/articleList8e97.html]
[www.topstarnews.net/news/articleListc1a1.html]
[www.topstarnews.net/news/articleList37b9.html]
[www.topstarnews.net/news/articleList80d2.html]
[www.topstarnews.net/news/articleList2c4f.html]
[www.topstarnews.net/news/articleLista453.html]
[www.topstarnews.net/news/articleListab74.html]
[www.topstarnews.net/news/articleListd8cf.html]
[www.topstarnews.net/news/articleList22a3.html]
[www.topstarnews.net/news/articleList23e8.html]
[www.topstarnews.net/news/articleListec86.html]
[www.topstarnews.net/news/articleListce9c.html]
[www.topstarnews.net/news/articleList315b.html]
[www.topstarnews.net/news/articleList31d5.html]
[www.topstarnews.net/news/articleListf494.html]
[www.topstarnews.net/news/articleLista91a.html]
[cdn.topstarnews.net/news/thumbnail/202509/15791829_1698043_480_v150.jpg]
[www.topstarnews.net/news/articleViewccc7.html]
[cdn.topstarnews.net/news/thumbnail/202509/15791822_1698035_4233_v150.jpg]
[www.topstarnews.net/news/articleViewaa5c.html]
[cdn.topstarnews.net/news/thumbnail/202509/15791821_1698034_4217_v150.jpg]
[www.topstarnews.net/news/articleView5bad.html]
[cdn.topstarnews.net/news/thumbnail/202509/15791815_1698028_4049_v150.jpg]
[cdn.topstarnews.net/news/thumbnail/202509/15791812_1698025_3854_v150.jpg]
[www.topstarnews.net/news/articleView4343.html]
[cdn.topstarnews.net/news/thumbnail/202509/15791807_1698018_333_v150.jpg]
[www.topstarnews.net/news/articleViewbd80.html]
[cdn.topstarnews.net/news/thumbnail/202509/15791806_1698017_3248_v150.jpg]
[www.topstarnews.net/news/articleView2013.html]
[cdn.topstarnews.net/news/thumbnail/202509/15791795_1698007_2320_v150.jpg]
[cdn.topstarnews.net/news/thumbnail/202509/15791791_1698003_2148_v150.jpg]
[www.topstarnews.net/news/articleView5bab.html]
[cdn.topstarnews.net/news/thumbnail/202509/15791787_1697999_1818_v150.jpg]
[www.topstarnews.net/news/articleView5ad4.html]
[cdn.topstarnews.net/news/thumbnail/202509/15791786_1697998_183_v150.jpg]
[www.topstarnews.net/news/articleView829b.html]
[cdn.topstarnews.net/news/thumbnail/202509/15791778_1697991_1620_v150.jpg]
[cdn.topstarnews.net/news/thumbnail/202509/15791771_1697983_1036_v150.jpg]
[www.topstarnews.net/news/articleViewb845.html]
[cdn.topstarnews.net/news/thumbnail/202509/15791770_1697981_755_v150.jpg]
[www.topstarnews.net/news/articleView68d1.html]
[cdn.topstarnews.net/news/thumbnail/202509/15791767_1697978_710_v150.jpg]
[www.topstarnews.net/news/articleView5983.html]
[cdn.topstarnews.net/news/thumbnail/202509/15791764_1697975_627_v150.jpg]
[www.topstarnews.net/news/articleViewe57c.html]
[cdn.topstarnews.net/news/thumbnail/202509/15791754_1697961_5346_v150.jpg]
[www.topstarnews.net/news/articleView6e5f.html]
[cdn.topstarnews.net/news/thumbnail/202509/15791753_1697960_5022_v150.jpg]
[www.topstarnews.net/news/articleView3ec3.html]
[cdn.topstarnews.net/news/thumbnail/202509/15791748_1697953_4155_v150.jpg]
[www.topstarnews.net/news/articleView2644.html]
[cdn.topstarnews.net/news/thumbnail/202509/15791745_1697951_3352_v150.jpg]
[www.topstarnews.net/news/articleView546e.html]
[cdn.topstarnews.net/news/thumbnail/202509/15791746_1697952_341_v150.jpg]
[www.topstarnews.net/news/articleListe687.html]
[www.topstarnews.net/news/articleList1d2b.html]
[www.topstarnews.net/news/articleListbeb7.html]
[www.topstarnews.net/news/articleListdd99.html]
[www.topstarnews.net/news/articleListe885.html]
[www.topstarnews.net/news/articleListe485.html]
[www.topstarnews.net/news/articleList34a1.html]
[www.topstarnews.net/news/articleList9e79.html]
[www.topstarnews.net/news/articleList88be.html]
[www.topstarnews.net/news/articleList8655.html]
[www.topstarnews.net/news/articleList062c.html]
[www.topstarnews.net/news/articleList7ed1.html]
[www.topstarnews.net/news/articleListc691.html]
[www.topstarnews.net/news/articleLista360.html]
[www.topstarnews.net/news/articleList0352.html]
[www.topstarnews.net/news/articleList6937.html]
[www.topstarnews.net/news/articleListac5f.html]
[www.topstarnews.net/news/articleView95e8.html]
[cdn.topstarnews.net/news/thumbnail/202509/15791828_1698041_4548_v150.jpg]
[www.topstarnews.net/news/articleViewdd6c.html]
[cdn.topstarnews.net/news/thumbnail/202509/15791820_1698033_422_v150.jpg]
[www.topstarnews.net/news/articleViewa068.html]
[cdn.topstarnews.net/news/thumbnail/202509/15791819_1698032_4148_v150.jpg]
[www.topstarnews.net/news/articleView12b7.html]
[cdn.topstarnews.net/news/thumbnail/202509/15791818_1698031_4133_v150.jpg]
[www.topstarnews.net/news/articleViewfc03.html]
[cdn.topstarnews.net/news/thumbnail/202509/15791817_1698030_4117_v150.jpg]
[www.topstarnews.net/news/articleView951a.html]
[cdn.topstarnews.net/news/thumbnail/202509/15791816_1698029_413_v150.jpg]
[www.topstarnews.net/news/articleView0f8c.html]
[cdn.topstarnews.net/news/thumbnail/202509/15791814_1698027_4034_v150.jpg]
[www.topstarnews.net/news/articleView0f58.html]
[cdn.topstarnews.net/news/thumbnail/202509/15791799_1698012_287_v150.jpg]
[www.topstarnews.net/news/articleViewe62c.html]
[cdn.topstarnews.net/news/thumbnail/202509/15791805_1698016_3234_v150.jpg]
[www.topstarnews.net/news/articleView2f05.html]
[cdn.topstarnews.net/news/thumbnail/202509/15791798_1698010_2420_v150.jpg]
[www.topstarnews.net/news/articleView6cbb.html]
[cdn.topstarnews.net/news/thumbnail/202509/15791797_1698009_2350_v150.jpg]
[www.topstarnews.net/news/articleViewbf24.html]
[cdn.topstarnews.net/news/thumbnail/202509/15791796_1698008_2335_v150.jpg]
[www.topstarnews.net/news/articleViewecbc.html]
[cdn.topstarnews.net/news/thumbnail/202509/15791780_1698000_1830_v150.jpg]
[www.topstarnews.net/news/articleViewaf45.html]
[cdn.topstarnews.net/news/thumbnail/202509/15791785_1697997_1748_v150.jpg]
[www.topstarnews.net/news/articleViewa277.html]
[cdn.topstarnews.net/news/thumbnail/202509/15791784_1697996_1734_v150.jpg]
[www.topstarnews.net/news/articleView05e6.html]
[cdn.topstarnews.net/news/thumbnail/202509/15791783_1697995_1719_v150.jpg]
[www.topstarnews.net/news/articleView2923.html]
[cdn.topstarnews.net/news/thumbnail/202509/15791782_1697994_174_v150.jpg]
[www.topstarnews.net/news/articleView72e7.html]
[cdn.topstarnews.net/news/thumbnail/202509/15791781_1697993_1649_v150.jpg]
[www.topstarnews.net/news/articleView3fd3.html]
[cdn.topstarnews.net/news/thumbnail/202509/15791779_1697992_1635_v150.jpg]
[cdn.topstarnews.net/news/thumbnail/202509/15791777_1697990_1557_v150.jpg]
[www.topstarnews.net/news/articleView2a80.html]
[cdn.topstarnews.net/news/thumbnail/202509/15791769_1697980_740_v150.jpg]
[www.topstarnews.net/news/articleList725e.html]
[www.topstarnews.net/news/articleListaee8.html]
[www.topstarnews.net/news/articleListd426.html]
[www.topstarnews.net/news/articleList58d4.html]
[www.topstarnews.net/news/articleListb195.html]
[www.topstarnews.net/news/articleList606d.html]
[www.topstarnews.net/news/articleList9170.html]
[www.topstarnews.net/news/articleListbf27.html]
[www.topstarnews.net/news/articleList6f13.html]
[www.topstarnews.net/news/articleListd6ab.html]
[www.topstarnews.net/news/articleList0dec.html]
[www.topstarnews.net/news/articleListbf36.html]
[www.topstarnews.net/news/articleListb028.html]
[www.topstarnews.net/news/articleList5b57.html]
[www.topstarnews.net/news/articleListaf31.html]
[www.topstarnews.net/news/articleListb3bf.html]
[www.topstarnews.net/news/articleList1a35.html]
[www.topstarnews.net/news/articleView1b4e.html]
[cdn.topstarnews.net/news/thumbnail/202509/15791804_1698015_3043_v150.jpg]
[www.topstarnews.net/news/articleView09e7.html]
[cdn.topstarnews.net/news/thumbnail/202509/15791720_1697919_525_v150.jpg]
[www.topstarnews.net/news/articleView5411.html]
[cdn.topstarnews.net/news/thumbnail/202509/15791540_1697844_3340_v150.jpg]
[www.topstarnews.net/news/articleView7c1f.html]
[cdn.topstarnews.net/news/thumbnail/202509/15791516_1697805_160_v150.jpg]
[www.topstarnews.net/news/articleViewe898.html]
[cdn.topstarnews.net/news/thumbnail/202509/15791468_1697748_332_v150.jpg]
[www.topstarnews.net/news/articleViewa9d4.html]
[cdn.topstarnews.net/news/thumbnail/202509/15791399_1697700_3818_v150.jpg]
[www.topstarnews.net/news/articleView927e.html]
[cdn.topstarnews.net/news/thumbnail/202509/15791382_1697692_1532_v150.jpg]
[www.topstarnews.net/news/articleView8771.html]
[cdn.topstarnews.net/news/thumbnail/202509/15791345_1697680_4737_v150.jpg]
[www.topstarnews.net/news/articleView0f6a.html]
[cdn.topstarnews.net/news/thumbnail/202509/15791270_1697584_2028_v150.jpg]
[www.topstarnews.net/news/articleViewf0df.html]
[cdn.topstarnews.net/news/thumbnail/202509/15791025_1697344_5058_v150.jpg]
[www.topstarnews.net/news/articleViewcee9.html]
[cdn.topstarnews.net/news/thumbnail/202509/15764430_1697121_2344_v150.jpg]
[www.topstarnews.net/news/articleView1391.html]
[cdn.topstarnews.net/news/thumbnail/202509/15764068_1697076_1034_v150.jpg]
[www.topstarnews.net/news/articleView47cd.html]
[cdn.topstarnews.net/news/thumbnail/202509/15790675_1697057_156_v150.jpg]
[www.topstarnews.net/news/articleView0037.html]
[cdn.topstarnews.net/news/thumbnail/202509/15790400_1696655_1122_v150.jpg]
[www.topstarnews.net/news/articleView04e9.html]
[cdn.topstarnews.net/news/thumbnail/202509/15790323_1696573_751_v150.jpg]
[www.topstarnews.net/news/articleViewb8ab.html]
[cdn.topstarnews.net/news/thumbnail/202509/15790269_1696503_1111_v150.jpg]
[www.topstarnews.net/news/articleView2158.html]
[cdn.topstarnews.net/news/thumbnail/202509/15790164_1696434_3257_v150.jpg]
[www.topstarnews.net/news/articleView1175.html]
[cdn.topstarnews.net/news/thumbnail/202509/15790125_1696415_16_v150.jpg]
[www.topstarnews.net/news/articleView4e9b.html]
[cdn.topstarnews.net/news/thumbnail/202509/15790101_1696387_3753_v150.jpg]
[www.topstarnews.net/news/articleView2d1c.html]
[cdn.topstarnews.net/news/thumbnail/202509/15790082_1696385_142_v150.jpg]
[www.topstarnews.net/news/articleViewc014.html]
[cdn.topstarnews.net/news/thumbnail/202509/15789315_1695762_4321_v150.jpg]
[www.topstarnews.net/news/articleList703a.html]
[www.topstarnews.net/news/articleList5eed.html]
[www.topstarnews.net/news/articleListb654.html]
[www.topstarnews.net/news/articleList39e5.html]
[www.topstarnews.net/news/articleList21f9.html]
[www.topstarnews.net/news/articleList0191.html]
[www.topstarnews.net/news/articleListf8d5.html]
[www.topstarnews.net/news/articleList874f.html]
[www.topstarnews.net/news/articleList3011.html]
[www.topstarnews.net/news/articleList1905.html]
[www.topstarnews.net/news/articleList2e93.html]
[www.topstarnews.net/news/articleListb035.html]
[www.topstarnews.net/news/articleListd86e.html]
[www.topstarnews.net/news/articleList9390.html]
[www.topstarnews.net/news/articleList7b45.html]
[www.topstarnews.net/news/articleListf6ad.html]
[www.topstarnews.net/news/articleListfd05.html]
[cdn.topstarnews.net/news/thumbnail/202509/15791813_1698026_4020_v150.jpg]
[www.topstarnews.net/news/articleView76a3.html]
[cdn.topstarnews.net/news/thumbnail/202509/15791792_1698004_2215_v150.jpg]
[www.topstarnews.net/news/articleView4caa.html]
[cdn.topstarnews.net/news/thumbnail/202509/15791762_1697973_557_v150.jpg]
[www.topstarnews.net/news/articleView807f.html]
[cdn.topstarnews.net/news/thumbnail/202509/15791703_1697894_3727_v150.jpg]
[www.topstarnews.net/news/articleView2944.html]
[cdn.topstarnews.net/news/thumbnail/202509/15791702_1697893_3712_v150.jpg]
[www.topstarnews.net/news/articleView5860.html]
[cdn.topstarnews.net/news/thumbnail/202509/15791687_1697877_530_v150.jpg]
[www.topstarnews.net/news/articleView8b97.html]
[cdn.topstarnews.net/news/thumbnail/202509/15791596_1697866_1428_v150.jpg]
[www.topstarnews.net/news/articleView1474.html]
[cdn.topstarnews.net/news/thumbnail/202509/15791595_1697865_1414_v150.jpg]
[www.topstarnews.net/news/articleView6e62.html]
[www.topstarnews.net/news/articleListb13d.html]
[www.topstarnews.net/news/articleListaaad.html]
[cdn.topstarnews.net/news/thumbnail/202509/15791594_1697864_1359_v150.jpg]
[www.topstarnews.net/news/articleViewdc66.html]
[cdn.topstarnews.net/news/thumbnail/202509/15791338_1697642_042_v150.jpg]
[www.topstarnews.net/news/articleView65ae.html]
[cdn.topstarnews.net/news/thumbnail/202509/15791341_1697643_124_v150.jpg]
[www.topstarnews.net/news/articleView8796.html]
[cdn.topstarnews.net/news/thumbnail/202509/15791342_1697644_150_v150.jpg]
[www.topstarnews.net/news/articleView34e5.html]
[cdn.topstarnews.net/news/thumbnail/202509/15791343_1697645_38_v150.jpg]
[www.topstarnews.net/news/articleVieweb18.html]
[cdn.topstarnews.net/news/thumbnail/202509/15791344_1697647_431_v150.jpg]
[www.topstarnews.net/news/articleView8b80.html]
[cdn.topstarnews.net/news/thumbnail/202509/15791346_1697648_53_v150.jpg]
[www.topstarnews.net/news/articleViewf397.html]
[cdn.topstarnews.net/news/thumbnail/202509/15791347_1697649_524_v150.jpg]
[www.topstarnews.net/news/articleViewe1a6.html]
[www.topstarnews.net/news/articleListe449.html]
[www.topstarnews.net/news/articleView7666.html]
[www.topstarnews.net/news/articleListe421.html]
[cdn.topstarnews.net/news/thumbnail/202509/15791348_1697650_614_v150.jpg]
[www.topstarnews.net/news/articleListe235.html]
[www.topstarnews.net/news/articleListc579.html]
[www.topstarnews.net/news/articleList8187.html]
[www.topstarnews.net/news/articleList6d36.html]
[www.topstarnews.net/news/articleList6864.html]
[www.topstarnews.net/news/articleList8bb9.html]
[www.topstarnews.net/news/articleList753f.html]
[www.topstarnews.net/news/articleList0001.html]
[www.topstarnews.net/news/articleListda97.html]
[www.topstarnews.net/news/articleListeec3.html]
[www.topstarnews.net/news/articleList2b2a.html]
[www.topstarnews.net/news/articleList9167.html]
[www.topstarnews.net/news/articleList0ccf.html]
[www.topstarnews.net/news/articleListc313.html]
[www.topstarnews.net/news/articleList3a6d.html]
[www.topstarnews.net/news/articleList633e.html]
[www.topstarnews.net/news/articleListd205.html]
[www.topstarnews.net/news/articleLista7f3.html]
[www.topstarnews.net/news/articleListd27a.html]
[www.topstarnews.net/news/articleListb9b9.html]
[www.topstarnews.net/news/articleListb155.html]
[www.topstarnews.net/news/articleLista762.html]
[www.topstarnews.net/news/articleListc326.html]
[www.topstarnews.net/news/articleList7310.html]
[www.topstarnews.net/news/articleList717f.html]
[www.topstarnews.net/news/articleList1f2b.html]
[www.topstarnews.net/news/articleListafc9.html]
[www.topstarnews.net/news/articleList9b33.html]
[www.topstarnews.net/news/articleList1bcb.html]
[www.topstarnews.net/news/articleListfb2a.html]
[www.topstarnews.net/news/articleList9ac5.html]
[www.topstarnews.net/news/articleListba92.html]
[www.topstarnews.net/news/articleListd3a6.html]
[www.topstarnews.net/news/articleView54f8.html]
[cdn.topstarnews.net/news/thumbnail/202509/15790846_1697171_5642_v150.jpg]
[www.topstarnews.net/news/articleViewdf65.html]
[www.topstarnews.net/news/articleList1146.html]
[www.topstarnews.net/news/articleList0b83.html]
[www.topstarnews.net/news/articleListbf08.html]
[www.topstarnews.net/news/articleList85af.html]
[www.topstarnews.net/news/articleListae71.html]
[www.topstarnews.net/news/articleList19fd.html]
[www.topstarnews.net/news/articleList97ab.html]
[www.topstarnews.net/news/articleListe77b.html]
[www.topstarnews.net/news/articleListb67b.html]
[www.topstarnews.net/news/articleList7b5b.html]
[www.topstarnews.net/news/articleList0c5d.html]
[www.topstarnews.net/news/articleList857f.html]
[www.topstarnews.net/news/articleList8126.html]
[www.topstarnews.net/news/articleList1914.html]
[www.topstarnews.net/news/articleList7434.html]
[cdn.topstarnews.net/comment/style.css]
[www.topstarnews.net/news/articleViewf1c9.html]
[www.topstarnews.net/news/articleView4a1d.html]
[www.topstarnews.net/news/articleView0bfe.html]
[www.topstarnews.net/news/articleVieweaae.html]
[www.topstarnews.net/news/articleView8217.html]
[www.topstarnews.net/news/articleList282e.html]
[www.topstarnews.net/news/articleView64d5.html]
[www.topstarnews.net/news/articleView1a71.html]
[www.topstarnews.net/news/articleView2fc1.html]
[www.topstarnews.net/news/articleList0bc2.html]
[www.topstarnews.net/news/articleView254c.html]
[www.topstarnews.net/news/articleViewc962.html]
[www.topstarnews.net/news/articleView8265.html]
[www.topstarnews.net/news/articleList0e5a.html]
[www.topstarnews.net/news/articleView992e.html]
[www.topstarnews.net/news/articleViewca84.html]
[www.topstarnews.net/news/articleViewd45b.html]
[www.topstarnews.net/news/articleView7a64.html]
[www.topstarnews.net/news/articleViewca3d.html]
[www.topstarnews.net/news/articleView76e5.html]
[www.topstarnews.net/news/articleView2bb1.html]
[www.topstarnews.net/news/articleViewc3e6.html]
[www.topstarnews.net/news/articleView1e92.html]
[www.topstarnews.net/news/articleView3d74.html]
[www.topstarnews.net/news/articleView855b.html]
[www.topstarnews.net/news/articleView9fb8.html]
[www.topstarnews.net/news/articleLista33b.html]
[www.topstarnews.net/news/articleListb35f.html]
[www.topstarnews.net/news/articleList885e.html]
[www.topstarnews.net/news/articleListee91.html]
[www.topstarnews.net/news/articleList44d2.html]
[www.topstarnews.net/news/articleList88f6.html]
[www.topstarnews.net/news/articleLista275.html]
[www.topstarnews.net/news/articleListb6d7.html]
[www.topstarnews.net/news/articleList5484.html]
[www.topstarnews.net/news/articleList5db7.html]
[www.topstarnews.net/news/articleList9d93.html]
[www.topstarnews.net/news/articleList2c84.html]
[www.topstarnews.net/news/articleListe91d.html]
[www.topstarnews.net/news/articleList5d87.html]
[www.topstarnews.net/news/articleList2e21.html]
[www.topstarnews.net/news/articleListdac8.html]
[www.topstarnews.net/news/articleList1daf.html]
[www.topstarnews.net/news/articleListace8.html]
[www.topstarnews.net/news/articleListb726.html]
[www.topstarnews.net/news/articleList5588.html]
[www.topstarnews.net/news/articleList7287.html]
[www.topstarnews.net/news/articleList8f47.html]
[www.topstarnews.net/news/articleList8752.html]
[www.topstarnews.net/news/articleList0675.html]
[www.topstarnews.net/news/articleList17f8.html]
[www.topstarnews.net/news/articleLista0bf.html]
[www.topstarnews.net/news/articleList3811.html]
[www.topstarnews.net/news/articleList1c3f.html]
[www.topstarnews.net/news/articleList898f.html]
[www.topstarnews.net/news/articleList28ed.html]
[www.topstarnews.net/news/articleList2815.html]
[www.topstarnews.net/news/articleListe97c.html]
[www.topstarnews.net/news/articleList7bf0.html]
[www.topstarnews.net/news/articleListc3db.html]
[www.topstarnews.net/news/articleList936c.html]
[www.topstarnews.net/news/articleList6e00.html]
[www.topstarnews.net/news/articleList3a3c.html]
[www.topstarnews.net/news/articleListd380.html]
[www.topstarnews.net/news/articleListdcff.html]
[www.topstarnews.net/news/articleList9160.html]
[www.topstarnews.net/news/articleList0e4d.html]
[www.topstarnews.net/news/articleList51c2.html]
[www.topstarnews.net/news/articleList1cca.html]
[www.topstarnews.net/news/articleList3e1d.html]
[www.topstarnews.net/news/articleListf851.html]
[www.topstarnews.net/news/articleListe5a6.html]
[www.topstarnews.net/news/articleListafdf.html]
[www.topstarnews.net/news/articleList91ba.html]
[www.topstarnews.net/news/articleListba6e.html]
[www.topstarnews.net/news/articleList19f3.html]
[www.topstarnews.net/news/articleList22e3.html]
[www.topstarnews.net/news/articleList9a7a.html]
[www.topstarnews.net/news/articleList28ff.html]
[www.topstarnews.net/news/articleList2307.html]
[www.topstarnews.net/news/articleList7330.html]
[www.topstarnews.net/news/articleList9e0a.html]
[api.piclick.kr/common/css/v1/piclick-ad.css]
[cdn.topstarnews.net/css/slick-theme.css]
[cdn.topstarnews.net/css/fonts/fontello.html]
[www.topstarnews.net/news/articleListb3ec.html]
[www.topstarnews.net/news/articleListf367.html]
[www.topstarnews.net/news/articleList2566.html]
[www.topstarnews.net/news/articleList59f3.html]
[www.topstarnews.net/news/articleView1dc4.html]
[www.topstarnews.net/news/articleView061a.html]
[www.topstarnews.net/news/articleViewb524.html]
[www.topstarnews.net/news/articleViewe4f5.html]
[www.topstarnews.net/news/articleView8894.html]
[www.topstarnews.net/news/articleView956b.html]
[www.topstarnews.net/news/articleView11bf.html]
[www.topstarnews.net/news/articleView2232.html]
[www.topstarnews.net/news/articleView0e40.html]
[www.topstarnews.net/news/articleViewa050.html]
[www.topstarnews.net/news/articleView3a2c.html]
[www.topstarnews.net/news/articleViewffa6.html]
[www.topstarnews.net/news/articleViewfc41.html]
[www.topstarnews.net/news/articleView3cdd.html]
[www.topstarnews.net/news/articleView7a1c.html]
[www.topstarnews.net/news/articleViewe9ce.html]
[www.topstarnews.net/news/articleView26bb.html]
[www.topstarnews.net/news/articleViewe34a.html]
[www.topstarnews.net/news/articleViewf085.html]
[www.topstarnews.net/news/articleViewba41.html]
[www.topstarnews.net/news/articleView8fbe.html]
[www.topstarnews.net/news/articleList052d.html]
[www.topstarnews.net/news/articleListf70f.html]
[www.topstarnews.net/news/articleList21bd.html]
[www.topstarnews.net/news/articleListeea9.html]
[www.topstarnews.net/news/articleList1253.html]
[www.topstarnews.net/news/articleListaccf.html]
[www.topstarnews.net/news/articleList9e1a.html]
[www.topstarnews.net/news/articleList16da.html]
[www.topstarnews.net/news/articleListb007.html]
[www.topstarnews.net/news/articleList8e93.html]
[www.topstarnews.net/news/articleListb512.html]
[www.topstarnews.net/news/articleList28f5.html]
[www.topstarnews.net/news/articleView428c.html]
[www.topstarnews.net/news/articleView28c4.html]
[www.topstarnews.net/news/articleView7d85.html]
[www.topstarnews.net/news/articleView6d30.html]
[www.topstarnews.net/news/articleViewdc2e.html]
[www.topstarnews.net/news/articleViewfb93.html]
[www.topstarnews.net/news/articleView92f1.html]
[www.topstarnews.net/news/articleViewe6bd.html]
[www.topstarnews.net/news/articleView0642.html]
[www.topstarnews.net/news/articleViewb33b.html]
[www.topstarnews.net/news/articleViewd6ca.html]
[www.topstarnews.net/news/articleViewe2d8.html]
[www.topstarnews.net/news/articleViewb12e.html]
[www.topstarnews.net/news/articleList8e82.html]
[www.topstarnews.net/news/articleList6360.html]
[www.topstarnews.net/news/articleListe4ef.html]
[www.topstarnews.net/news/articleListe977.html]
[www.topstarnews.net/news/articleView961e.html]
[www.topstarnews.net/news/articleViewc03f.html]
[www.topstarnews.net/news/articleView5c47.html]
[www.topstarnews.net/news/articleViewaa84.html]
[www.topstarnews.net/news/articleView1bce.html]
[www.topstarnews.net/news/articleViewfa41.html]
[www.topstarnews.net/news/articleView6f6d.html]
[www.topstarnews.net/news/articleView601b.html]
[www.topstarnews.net/news/articleView608d.html]
[www.topstarnews.net/news/articleViewd45f.html]
[www.topstarnews.net/news/articleViewf358.html]
[www.topstarnews.net/news/articleView6197.html]
[www.topstarnews.net/news/articleView091e.html]
[www.topstarnews.net/news/articleViewde5a.html]
[www.topstarnews.net/news/articleViewa00b.html]
[www.topstarnews.net/news/articleView3b07.html]
[www.topstarnews.net/news/articleView2612.html]
[www.topstarnews.net/news/articleView8876.html]
[www.topstarnews.net/news/articleViewfdf1.html]
[www.topstarnews.net/news/articleView7a44.html]
[www.topstarnews.net/news/articleView13d6.html]
[www.topstarnews.net/news/articleListdb6e.html]
[www.topstarnews.net/news/articleList710e.html]
[www.topstarnews.net/news/articleListcf63.html]
[www.topstarnews.net/news/articleList38bd.html]
[www.topstarnews.net/news/articleList1e48.html]
[www.topstarnews.net/news/articleList65c5.html]
[www.topstarnews.net/news/articleList4d75.html]
[www.topstarnews.net/news/articleList9ba4.html]
[www.topstarnews.net/news/articleList403d.html]
[www.topstarnews.net/news/articleList8f27.html]
[www.topstarnews.net/news/articleList201f.html]
[www.topstarnews.net/news/articleListf83f.html]
[www.topstarnews.net/news/articleListf66e.html]
[www.topstarnews.net/news/articleList59a5.html]
[www.topstarnews.net/news/articleListff0a.html]
[www.topstarnews.net/news/articleListd081.html]
[www.topstarnews.net/news/articleView85c8.html]
[www.topstarnews.net/news/articleView604c.html]
[www.topstarnews.net/news/articleViewe144.html]
[www.topstarnews.net/news/articleView3eb6.html]
[www.topstarnews.net/news/articleViewb1f2.html]
[www.topstarnews.net/news/articleView3259.html]
[www.topstarnews.net/news/articleView5c23.html]
[www.topstarnews.net/news/articleViewd40b.html]
[www.topstarnews.net/news/articleViewa555.html]
[www.topstarnews.net/news/articleView92d2.html]
[www.topstarnews.net/news/articleViewbd32.html]
[www.topstarnews.net/news/articleView1e30.html]
[www.topstarnews.net/news/articleViewc693.html]
[www.topstarnews.net/news/articleView69cb.html]
[www.topstarnews.net/news/articleView58f6.html]
[www.topstarnews.net/news/articleViewff8b.html]
[www.topstarnews.net/news/articleView4f77.html]
[www.topstarnews.net/news/articleView8f0b.html]
[www.topstarnews.net/news/articleViewe339.html]
[www.topstarnews.net/news/articleViewa329.html]
[www.topstarnews.net/news/articleView8b5d.html]
[www.topstarnews.net/news/articleList38bb.html]
[www.topstarnews.net/news/articleList9124.html]
[www.topstarnews.net/news/articleList858a.html]
[www.topstarnews.net/news/articleList6095.html]
[www.topstarnews.net/news/articleList8191.html]
[www.topstarnews.net/news/articleListc1eb.html]
[www.topstarnews.net/news/articleList43eb.html]
[www.topstarnews.net/news/articleList45a6.html]
[www.topstarnews.net/news/articleList68ef.html]
[www.topstarnews.net/news/articleList982d.html]
[www.topstarnews.net/news/articleLista228.html]
[www.topstarnews.net/news/articleList45e4.html]
[www.topstarnews.net/news/articleList5bcc.html]
[www.topstarnews.net/news/articleListce13.html]
[www.topstarnews.net/news/articleList35ff.html]
[www.topstarnews.net/news/articleListd69a.html]
[www.topstarnews.net/news/articleView2dbf.html]
[www.topstarnews.net/news/articleViewb7bd.html]
[www.topstarnews.net/news/articleViewe7eb.html]
[www.topstarnews.net/news/articleView5f74.html]
[www.topstarnews.net/news/articleView0826.html]
[www.topstarnews.net/news/articleViewbfef.html]
[www.topstarnews.net/news/articleView8526.html]
[www.topstarnews.net/news/articleView7080.html]
[www.topstarnews.net/news/articleView4637.html]
[www.topstarnews.net/news/articleView9c78.html]
[www.topstarnews.net/news/articleViewc12c.html]
[www.topstarnews.net/news/articleViewca06.html]
[www.topstarnews.net/news/articleView7c01.html]
[www.topstarnews.net/news/articleView2bda.html]
[www.topstarnews.net/news/articleView533e.html]
[www.topstarnews.net/news/articleViewfd2f.html]
[www.topstarnews.net/news/articleList9d51.html]
[www.topstarnews.net/news/articleLista84e.html]
[www.topstarnews.net/news/articleList8591.html]
[www.topstarnews.net/news/articleListb48b.html]
[www.topstarnews.net/news/articleList933c.html]
[www.topstarnews.net/news/articleList1a4f.html]
[www.topstarnews.net/news/articleListe42f.html]
[www.topstarnews.net/news/articleListb53b.html]
[www.topstarnews.net/news/articleListacd1.html]
[www.topstarnews.net/news/articleListb270.html]
[www.topstarnews.net/news/articleList6bfb.html]
[www.topstarnews.net/news/articleList0f3b.html]
[www.topstarnews.net/news/articleListf705.html]
[www.topstarnews.net/news/articleList8db8.html]
[www.topstarnews.net/news/articleList4510.html]
[www.topstarnews.net/news/articleList6cc8.html]
[www.topstarnews.net/news/articleViewa11b.html]
[www.topstarnews.net/news/articleView13eb.html]
[www.topstarnews.net/news/articleViewee7c.html]
[www.topstarnews.net/news/articleView93ef.html]
[www.topstarnews.net/news/articleView1849.html]
[www.topstarnews.net/news/articleViewc3ac.html]
[www.topstarnews.net/news/articleViewf6e5.html]
[www.topstarnews.net/news/articleView82a3.html]
[www.topstarnews.net/news/articleViewb0d5.html]
[www.topstarnews.net/news/articleViewb88f.html]
[www.topstarnews.net/news/articleView0738.html]
[www.topstarnews.net/news/articleView391a.html]
[www.topstarnews.net/news/articleView5072.html]
[www.topstarnews.net/news/articleViewa01b.html]
[www.topstarnews.net/news/articleView222a.html]
[www.topstarnews.net/news/articleView647e.html]
[www.topstarnews.net/news/articleViewe076.html]
[www.topstarnews.net/news/articleViewc18c.html]
[www.topstarnews.net/news/articleView4344.html]
[www.topstarnews.net/news/articleView46b2.html]
[www.topstarnews.net/news/articleView7f7f.html]
[www.topstarnews.net/news/articleListf02b.html]
[www.topstarnews.net/news/articleList8e97.html]
[www.topstarnews.net/news/articleListc1a1.html]
[www.topstarnews.net/news/articleList37b9.html]
[www.topstarnews.net/news/articleList80d2.html]
[www.topstarnews.net/news/articleList2c4f.html]
[www.topstarnews.net/news/articleLista453.html]
[www.topstarnews.net/news/articleListab74.html]
[www.topstarnews.net/news/articleListd8cf.html]
[www.topstarnews.net/news/articleList22a3.html]
[www.topstarnews.net/news/articleList23e8.html]
[www.topstarnews.net/news/articleListce9c.html]
[www.topstarnews.net/news/articleList315b.html]
[www.topstarnews.net/news/articleList31d5.html]
[www.topstarnews.net/news/articleListf494.html]
[www.topstarnews.net/news/articleLista91a.html]
[www.topstarnews.net/news/articleViewccc7.html]
[www.topstarnews.net/news/articleViewaa5c.html]
[www.topstarnews.net/news/articleView5bad.html]
[www.topstarnews.net/news/articleView4343.html]
[www.topstarnews.net/news/articleViewbd80.html]
[www.topstarnews.net/news/articleView2013.html]
[www.topstarnews.net/news/articleView5bab.html]
[www.topstarnews.net/news/articleView5ad4.html]
[www.topstarnews.net/news/articleView829b.html]
[www.topstarnews.net/news/articleViewb845.html]
[www.topstarnews.net/news/articleView68d1.html]
[www.topstarnews.net/news/articleView5983.html]
[www.topstarnews.net/news/articleViewe57c.html]
[www.topstarnews.net/news/articleView6e5f.html]
[www.topstarnews.net/news/articleView3ec3.html]
[www.topstarnews.net/news/articleView2644.html]
[www.topstarnews.net/news/articleView546e.html]
[www.topstarnews.net/news/articleListe687.html]
[www.topstarnews.net/news/articleList1d2b.html]
[www.topstarnews.net/news/articleListbeb7.html]
[www.topstarnews.net/news/articleListdd99.html]
[www.topstarnews.net/news/articleListe885.html]
[www.topstarnews.net/news/articleListe485.html]
[www.topstarnews.net/news/articleList34a1.html]
[www.topstarnews.net/news/articleList9e79.html]
[www.topstarnews.net/news/articleList88be.html]
[www.topstarnews.net/news/articleList8655.html]
[www.topstarnews.net/news/articleList062c.html]
[www.topstarnews.net/news/articleListc691.html]
[www.topstarnews.net/news/articleLista360.html]
[www.topstarnews.net/news/articleList0352.html]
[www.topstarnews.net/news/articleList6937.html]
[www.topstarnews.net/news/articleListac5f.html]
[www.topstarnews.net/news/articleView95e8.html]
[www.topstarnews.net/news/articleViewdd6c.html]
[www.topstarnews.net/news/articleViewa068.html]
[www.topstarnews.net/news/articleView12b7.html]
[www.topstarnews.net/news/articleViewfc03.html]
[www.topstarnews.net/news/articleView951a.html]
[www.topstarnews.net/news/articleView0f8c.html]
[www.topstarnews.net/news/articleView0f58.html]
[www.topstarnews.net/news/articleViewe62c.html]
[www.topstarnews.net/news/articleView2f05.html]
[www.topstarnews.net/news/articleView6cbb.html]
[www.topstarnews.net/news/articleViewbf24.html]
[www.topstarnews.net/news/articleViewecbc.html]
[www.topstarnews.net/news/articleViewaf45.html]
[www.topstarnews.net/news/articleViewa277.html]
[www.topstarnews.net/news/articleView05e6.html]
[www.topstarnews.net/news/articleView2923.html]
[www.topstarnews.net/news/articleView72e7.html]
[www.topstarnews.net/news/articleView3fd3.html]
[www.topstarnews.net/news/articleView2a80.html]
[www.topstarnews.net/news/articleList725e.html]
[www.topstarnews.net/news/articleListaee8.html]
[www.topstarnews.net/news/articleListd426.html]
[www.topstarnews.net/news/articleList58d4.html]
[www.topstarnews.net/news/articleListb195.html]
[www.topstarnews.net/news/articleList606d.html]
[www.topstarnews.net/news/articleList9170.html]
[www.topstarnews.net/news/articleListbf27.html]
[www.topstarnews.net/news/articleList6f13.html]
[www.topstarnews.net/news/articleListd6ab.html]
[www.topstarnews.net/news/articleList0dec.html]
[www.topstarnews.net/news/articleListb028.html]
[www.topstarnews.net/news/articleList5b57.html]
[www.topstarnews.net/news/articleListaf31.html]
[www.topstarnews.net/news/articleListb3bf.html]
[www.topstarnews.net/news/articleList1a35.html]
[www.topstarnews.net/news/articleView1b4e.html]
[www.topstarnews.net/news/articleView09e7.html]
[www.topstarnews.net/news/articleView5411.html]
[www.topstarnews.net/news/articleView7c1f.html]
[www.topstarnews.net/news/articleViewe898.html]
[www.topstarnews.net/news/articleViewa9d4.html]
[www.topstarnews.net/news/articleView927e.html]
[www.topstarnews.net/news/articleView8771.html]
[www.topstarnews.net/news/articleView0f6a.html]
[www.topstarnews.net/news/articleViewf0df.html]
[www.topstarnews.net/news/articleViewcee9.html]
[www.topstarnews.net/news/articleView1391.html]
[www.topstarnews.net/news/articleView47cd.html]
[www.topstarnews.net/news/articleView0037.html]
[www.topstarnews.net/news/articleView04e9.html]
[www.topstarnews.net/news/articleViewb8ab.html]
[www.topstarnews.net/news/articleView2158.html]
[www.topstarnews.net/news/articleView1175.html]
[www.topstarnews.net/news/articleView4e9b.html]
[www.topstarnews.net/news/articleView2d1c.html]
[www.topstarnews.net/news/articleViewc014.html]
[www.topstarnews.net/news/articleList703a.html]
[www.topstarnews.net/news/articleList5eed.html]
[www.topstarnews.net/news/articleListb654.html]
[www.topstarnews.net/news/articleList39e5.html]
[www.topstarnews.net/news/articleList21f9.html]
[www.topstarnews.net/news/articleList0191.html]
[www.topstarnews.net/news/articleListf8d5.html]
[www.topstarnews.net/news/articleList874f.html]
[www.topstarnews.net/news/articleList3011.html]
[www.topstarnews.net/news/articleList1905.html]
[www.topstarnews.net/news/articleList2e93.html]
[www.topstarnews.net/news/articleListb035.html]
[www.topstarnews.net/news/articleList9390.html]
[www.topstarnews.net/news/articleList7b45.html]
[www.topstarnews.net/news/articleListf6ad.html]
[www.topstarnews.net/news/articleListfd05.html]
[www.topstarnews.net/news/articleView76a3.html]
[www.topstarnews.net/news/articleView4caa.html]
[www.topstarnews.net/news/articleView807f.html]
[www.topstarnews.net/news/articleView2944.html]
[www.topstarnews.net/news/articleView5860.html]
[www.topstarnews.net/news/articleView8b97.html]
[www.topstarnews.net/news/articleView1474.html]
[www.topstarnews.net/news/articleView6e62.html]
[www.topstarnews.net/news/articleListaaad.html]
[www.topstarnews.net/news/articleViewdc66.html]
[www.topstarnews.net/news/articleView65ae.html]
[www.topstarnews.net/news/articleView8796.html]
[www.topstarnews.net/news/articleView34e5.html]
[www.topstarnews.net/news/articleVieweb18.html]
[www.topstarnews.net/news/articleView8b80.html]
[www.topstarnews.net/news/articleViewf397.html]
[www.topstarnews.net/news/articleViewe1a6.html]
[www.topstarnews.net/news/articleView7666.html]
[www.topstarnews.net/news/articleListe235.html]
[www.topstarnews.net/news/articleListe20c.html]
[www.topstarnews.net/news/articleListc5ad.html]
[www.topstarnews.net/news/articleListfbdb.html]
[www.topstarnews.net/news/articleList8bb9.html]
[www.topstarnews.net/news/articleList2539.html]
[www.topstarnews.net/news/articleListda97.html]
[www.topstarnews.net/news/articleList9167.html]
[www.topstarnews.net/news/articleListd47f.html]
[www.topstarnews.net/news/articleListd27a.html]
[www.topstarnews.net/news/articleListd205.html]
[www.topstarnews.net/news/articleLista7f3.html]
[www.topstarnews.net/news/articleList1572.html]
[www.topstarnews.net/news/articleListb155.html]
[www.topstarnews.net/news/articleList7310.html]
[www.topstarnews.net/news/articleList717f.html]
[www.topstarnews.net/news/articleLista15e.html]
[www.topstarnews.net/news/articleList1bcb.html]
[www.topstarnews.net/news/articleListfb2a.html]
[www.topstarnews.net/news/articleList9ac5.html]
[www.topstarnews.net/news/articleListba92.html]
[www.topstarnews.net/news/articleListd3a6.html]
[www.topstarnews.net/news/articleView54f8.html]
[www.topstarnews.net/news/articleViewdf65.html]
[cdn.topstarnews.net/news/thumbnail/202509/15790844_1697163_4927_v150.html]
